1 1
Still smaller than five
4
	Odd
2 2
Still smaller than five
7
	Even
3 3
Still smaller than five
11
	Odd
4 4
Still smaller than five
14
	Even
5 5
17
	Odd
6 6
21
	Even
7 7
24
	Odd
8 8
27
	Even
9 9
31
	Odd
5 a
